周一 2026/06/29,14:05:43.49运行了配置---囤体力 
周二 2026/06/30, 5:00:48.86运行了配置---循环A 
周三 2026/07/01, 5:00:48.07运行了配置---囤体力 
周四 2026/07/02, 5:00:47.87运行了配置---循环B 
周五 2026/07/03, 5:00:47.94运行了配置---囤体力 
周六 2026/07/04, 5:00:47.85运行了配置---循环A 
周日 2026/07/05, 5:00:49.12运行了配置---囤体力 
周日 2026/07/05, 7:07:28.11运行了配置---囤体力 
周一 2026/07/06, 5:00:46.98运行了配置---循环C 
周二 2026/07/07, 5:00:46.82运行了配置---囤体力 
周三 2026/07/08, 5:00:49.95运行了配置---循环A 
周四 2026/07/09, 5:00:53.07运行了配置---囤体力 
周五 2026/07/10, 5:00:47.97运行了配置---循环B 
周六 2026/07/11, 5:00:48.81运行了配置---囤体力 
周日 2026/07/12, 5:00:50.94运行了配置---循环A 
周一 2026/07/13, 5:00:46.92运行了配置---囤体力 
周二 2026/07/14, 5:00:49.80运行了配置---循环C 
周三 2026/07/15, 5:00:48.99运行了配置---囤体力 
周四 2026/07/16, 5:00:47.99运行了配置---循环A 
周五 2026/07/17, 5:00:48.03运行了配置---囤体力 
周六 2026/07/18, 5:00:51.94运行了配置---循环B 
周日 2026/07/19, 5:00:49.81运行了配置---囤体力 
周一 2026/07/20, 5:00:49.81运行了配置---循环A 
周二 2026/07/21, 5:00:44.68运行了配置---囤体力 
周三 2026/07/22, 5:00:46.52运行了配置---循环C 
周四 2026/07/23, 5:00:47.81运行了配置---囤体力 
周五 2026/07/24, 5:00:50.74运行了配置---循环A 
周六 2026/07/25, 5:00:49.96运行了配置---囤体力 
周日 2026/07/26, 6:35:26.84运行了配置---循环B 
周一 2026/07/27, 5:23:19.88运行了配置---囤体力 
周二 2026/07/28, 5:13:29.86运行了配置---循环A 
周三 2026/07/29, 4:52:38.74运行了配置---囤体力 
周三 2026/07/29, 5:00:33.03运行了配置---囤体力 
周三 2026/07/29, 6:14:08.81运行了配置---囤体力 
周四 2026/07/30, 5:00:31.55运行了配置---循环C 
周五 2026/07/31, 5:00:30.46运行了配置---囤体力 
周五 2026/07/31, 5:36:37.47运行了配置---囤体力 
周五 2026/07/31, 7:35:24.45运行了配置---囤体力 
周五 2026/07/31,10:48:41.49运行了配置---囤体力 
周五 2026/07/31,11:09:47.65运行了配置---囤体力 
周五 2026/07/31,11:53:18.34运行了配置---囤体力 
周六 2026/08/01, 5:00:39.42运行了配置---循环A 
周日 2026/08/02, 5:00:39.04运行了配置---囤体力 
周一 2026/08/03, 5:00:37.33运行了配置---循环B 
周二 2026/08/04, 5:00:38.00运行了配置---囤体力 
周三 2026/08/05, 5:00:41.36运行了配置---循环A 
周四 2026/08/06, 5:00:34.71运行了配置---囤体力 
周四 2026/08/06, 6:41:00.81运行了配置---囤体力 
周四 2026/08/06, 6:47:22.43运行了配置---囤体力 
周四 2026/08/06, 6:49:26.90运行了配置---囤体力 
周五 2026/08/07, 5:00:52.57运行了配置---循环C 
周六 2026/08/08, 5:00:52.60运行了配置---囤体力 
周日 2026/08/09, 5:00:50.59运行了配置---循环A 
周日 2026/08/09, 6:40:16.33运行了配置---循环A 
周日 2026/08/09, 9:14:43.39运行了配置---循环A 
周日 2026/08/09,12:20:35.84运行了配置---循环A 
周一 2026/08/10, 5:00:49.82运行了配置---囤体力 
周一 2026/08/10,10:07:06.82运行了配置---囤体力 
