周日 2026/08/09 12:20:32.82 已静音 
周一 2026/08/10  5:00:04.00 已静音 
周一 2026/08/10  7:42:01.39 声音已打开 
周一 2026/08/10  9:35:21.50 已静音 
周一 2026/08/10 10:06:30.84 已静音 
周一 2026/08/10 10:13:15.00 已静音 
周二 2026/08/11  5:00:06.21 已静音 
周二 2026/08/11  7:22:52.01 声音已打开 
周三 2026/08/12  5:00:06.42 已静音 
周三 2026/08/12  6:50:48.54 声音已打开 
周四 2026/08/13  5:00:06.75 已静音 
周四 2026/08/13  7:21:31.90 声音已打开 
周五 2026/08/14  5:00:06.82 已静音 
周五 2026/08/14  7:35:04.08 声音已打开 
周六 2026/08/15  5:00:05.97 已静音 
周六 2026/08/15  7:29:42.65 声音已打开 
周日 2026/08/16  5:00:05.99 已静音 
周日 2026/08/16  7:23:03.49 声音已打开 
周一 2026/08/17  5:00:06.60 已静音 
周一 2026/08/17  7:50:50.42 声音已打开 
周二 2026/08/18  5:00:04.54 已静音 
周二 2026/08/18  7:23:12.07 声音已打开 
